     Warning Selected package arsd-official@11.5.3 does not match the dependency specification <11.0.0 in package dlangui. Need to "dub upgrade"?
     Warning Selected package arsd-official@11.5.3 does not match the dependency specification <11.0.0 in package dlangui. Need to "dub upgrade"?
src\modules\iac\discovery.d(364,1): Error: found `private` instead of statement
private IacDependency[] extractTerraformDeps(string relPath, const string content)
^
Error C:\Program Files\LDC 1.42\bin\ldc2.exe failed with exit code 1.
